../Core/Src/main.c:76:6:Ultrazvucni_senzor1	16	static
../Core/Src/main.c:98:6:Servo_pomicanje	8	static
../Core/Src/main.c:113:6:Ultrazvucni_senzor2	16	static
../Core/Src/main.c:137:6:UART_slanje_postotka	24	static
../Core/Src/main.c:149:6:Lcd_prikaz	24	static
../Core/Src/main.c:183:5:main	56	static
../Core/Src/main.c:248:6:SystemClock_Config	88	static
../Core/Src/main.c:293:6:HAL_UART_RxCpltCallback	16	static
../Core/Src/main.c:318:6:Delay_us	16	static
../Core/Src/main.c:328:6:HAL_TIM_IC_CaptureCallback	16	static
../Core/Src/main.c:361:6:Error_Handler	4	static,ignoring_inline_asm
